###############################################################################
#
# IAR ELF Linker V8.32.3.193/W32 for ARM                  16/Feb/2020  22:29:13
# Copyright 2007-2019 IAR Systems AB.
#
#    Output file  =  
#        C:\Users\KOKUBO\Desktop\Flash_Test\EWARM\Flash_Test\Exe\Flash_Test.out
#    Map file     =  
#        C:\Users\KOKUBO\Desktop\Flash_Test\EWARM\Flash_Test\List\Flash_Test.map
#    Command line =  
#        -f C:\Users\KOKUBO\AppData\Local\Temp\EW1CB8.tmp
#        (C:\Users\KOKUBO\Desktop\Flash_Test\EWARM\Flash_Test\Obj\main.o
#        C:\Users\KOKUBO\Desktop\Flash_Test\EWARM\Flash_Test\Obj\myfunc.o
#        C:\Users\KOKUBO\Desktop\Flash_Test\EWARM\Flash_Test\Obj\startup_stm32f446xx.o
#        C:\Users\KOKUBO\Desktop\Flash_Test\EWARM\Flash_Test\Obj\stm32f4xx_hal.o
#        C:\Users\KOKUBO\Desktop\Flash_Test\EWARM\Flash_Test\Obj\stm32f4xx_hal_cortex.o
#        C:\Users\KOKUBO\Desktop\Flash_Test\EWARM\Flash_Test\Obj\stm32f4xx_hal_dma.o
#        C:\Users\KOKUBO\Desktop\Flash_Test\EWARM\Flash_Test\Obj\stm32f4xx_hal_dma_ex.o
#        C:\Users\KOKUBO\Desktop\Flash_Test\EWARM\Flash_Test\Obj\stm32f4xx_hal_exti.o
#        C:\Users\KOKUBO\Desktop\Flash_Test\EWARM\Flash_Test\Obj\stm32f4xx_hal_flash.o
#        C:\Users\KOKUBO\Desktop\Flash_Test\EWARM\Flash_Test\Obj\stm32f4xx_hal_flash_ex.o
#        C:\Users\KOKUBO\Desktop\Flash_Test\EWARM\Flash_Test\Obj\stm32f4xx_hal_flash_ramfunc.o
#        C:\Users\KOKUBO\Desktop\Flash_Test\EWARM\Flash_Test\Obj\stm32f4xx_hal_gpio.o
#        C:\Users\KOKUBO\Desktop\Flash_Test\EWARM\Flash_Test\Obj\stm32f4xx_hal_msp.o
#        C:\Users\KOKUBO\Desktop\Flash_Test\EWARM\Flash_Test\Obj\stm32f4xx_hal_pwr.o
#        C:\Users\KOKUBO\Desktop\Flash_Test\EWARM\Flash_Test\Obj\stm32f4xx_hal_pwr_ex.o
#        C:\Users\KOKUBO\Desktop\Flash_Test\EWARM\Flash_Test\Obj\stm32f4xx_hal_rcc.o
#        C:\Users\KOKUBO\Desktop\Flash_Test\EWARM\Flash_Test\Obj\stm32f4xx_hal_rcc_ex.o
#        C:\Users\KOKUBO\Desktop\Flash_Test\EWARM\Flash_Test\Obj\stm32f4xx_hal_tim.o
#        C:\Users\KOKUBO\Desktop\Flash_Test\EWARM\Flash_Test\Obj\stm32f4xx_hal_tim_ex.o
#        C:\Users\KOKUBO\Desktop\Flash_Test\EWARM\Flash_Test\Obj\stm32f4xx_hal_uart.o
#        C:\Users\KOKUBO\Desktop\Flash_Test\EWARM\Flash_Test\Obj\stm32f4xx_it.o
#        C:\Users\KOKUBO\Desktop\Flash_Test\EWARM\Flash_Test\Obj\system_stm32f4xx.o
#        --redirect _Printf=_PrintfFull --redirect _Scanf=_ScanfFull
#        --no_out_extension -o
#        C:\Users\KOKUBO\Desktop\Flash_Test\EWARM\Flash_Test\Exe\Flash_Test.out
#        --map
#        C:\Users\KOKUBO\Desktop\Flash_Test\EWARM\Flash_Test\List\Flash_Test.map
#        --config
#        C:\Users\KOKUBO\Desktop\Flash_Test\EWARM/stm32f446xx_flash.icf
#        --semihosting --entry __iar_program_start --vfe --text_out locale)
#
###############################################################################

*******************************************************************************
*** RUNTIME MODEL ATTRIBUTES
***

CppFlavor       = *
__SystemLibrary = DLib
__dlib_version  = 6


*******************************************************************************
*** HEAP SELECTION
***

The basic heap was selected because some modules are built with
size limitations (and not runtime checking), and --advanced_heap
was not specified.


*******************************************************************************
*** PLACEMENT SUMMARY
***

"A0":  place at 0x800'0000 { ro section .intvec };
"P1":  place in [from 0x800'0000 to 0x807'ffff] { ro };
define block CSTACK with size = 1K, alignment = 8 { };
define block HEAP with size = 512, alignment = 8 { };
"P2":  place in [from 0x2000'0000 to 0x2001'ffff] {
          rw, block CSTACK, block HEAP };
initialize by copy { rw };

  Section            Kind         Address    Size  Object
  -------            ----         -------    ----  ------
"A0":                                       0x1c4
  .intvec            ro code   0x800'0000   0x1c4  startup_stm32f446xx.o [1]
                             - 0x800'01c4   0x1c4

"P1":                                      0x13a0
  .text              ro code   0x800'01c4   0x3b8  stm32f4xx_hal_rcc_ex.o [1]
  .text              ro code   0x800'057c     0xc  stm32f4xx_hal.o [1]
  .text              ro code   0x800'0588   0x106  I64DivMod_small.o [4]
  .text              ro code   0x800'068e    0x3a  zero_init3.o [4]
  .text              ro code   0x800'06c8     0x2  I64DivZer.o [4]
  .text              ro code   0x800'06cc   0x1f4  stm32f4xx_hal_flash.o [1]
  .text              ro code   0x800'08c0   0x1d8  stm32f4xx_hal_gpio.o [1]
  .text              ro code   0x800'0a98   0x180  main.o [1]
  .text              ro code   0x800'0c18    0x34  stm32f4xx_hal.o [1]
  .text              ro code   0x800'0c4c     0x6  ABImemclr4.o [4]
  .text              ro code   0x800'0c54   0x15c  stm32f4xx_hal_uart.o [1]
  .text              ro code   0x800'0db0    0x78  myfunc.o [1]
  .text              ro code   0x800'0e28   0x14c  stm32f4xx_hal_rcc.o [1]
  .text              ro code   0x800'0f74    0xac  stm32f4xx_hal_cortex.o [1]
  .text              ro code   0x800'1020    0x40  stm32f4xx_hal.o [1]
  .text              ro code   0x800'1060    0xac  stm32f4xx_hal_msp.o [1]
  .text              ro code   0x800'110c    0x32  ABImemset48.o [4]
  .text              ro code   0x800'1140   0x15c  stm32f4xx_hal_flash_ex.o [1]
  .text              ro code   0x800'129c    0x2c  system_stm32f4xx.o [1]
  .text              ro code   0x800'12c8    0x2c  copy_init3.o [4]
  .text              ro code   0x800'12f4    0x28  data_init.o [4]
  .text              ro code   0x800'131c    0x22  fpinit_M.o [3]
  .iar.init_table    const     0x800'1340    0x24  - Linker created -
  .text              ro code   0x800'1364    0x1e  cmain.o [4]
  .text              ro code   0x800'1382     0x4  low_level_init.o [2]
  .text              ro code   0x800'1386     0x4  exit.o [2]
  .text              ro code   0x800'138c     0xa  cexit.o [4]
  .text              ro code   0x800'1398    0x14  exit.o [5]
  Initializer bytes  const     0x800'13ac    0x18  <for P2-1>
  .text              ro code   0x800'13c4    0x14  stm32f4xx_it.o [1]
  .text              ro code   0x800'13d8    0x10  stm32f4xx_hal.o [1]
  .text              ro code   0x800'13e8    0x10  startup_stm32f446xx.o [1]
  .text              ro code   0x800'13f8     0xc  cstartup_M.o [4]
  .rodata            const     0x800'1404     0x8  system_stm32f4xx.o [1]
  .text              ro code   0x800'140c     0x4  startup_stm32f446xx.o [1]
  .text              ro code   0x800'1410     0x4  startup_stm32f446xx.o [1]
  .text              ro code   0x800'1414     0x4  startup_stm32f446xx.o [1]
  .text              ro code   0x800'1418     0x4  startup_stm32f446xx.o [1]
  .text              ro code   0x800'141c     0x4  startup_stm32f446xx.o [1]
  .text              ro code   0x800'1420     0x4  startup_stm32f446xx.o [1]
  .text              ro code   0x800'1424     0x4  startup_stm32f446xx.o [1]
  .text              ro code   0x800'1428     0x4  startup_stm32f446xx.o [1]
  .text              ro code   0x800'142c     0x4  startup_stm32f446xx.o [1]
  .text              ro code   0x800'1430     0x4  startup_stm32f446xx.o [1]
  .text              ro code   0x800'1434     0x4  startup_stm32f446xx.o [1]
  .text              ro code   0x800'1438     0x4  startup_stm32f446xx.o [1]
  .text              ro code   0x800'143c     0x4  startup_stm32f446xx.o [1]
  .text              ro code   0x800'1440     0x4  startup_stm32f446xx.o [1]
  .text              ro code   0x800'1444     0x4  startup_stm32f446xx.o [1]
  .text              ro code   0x800'1448     0x4  startup_stm32f446xx.o [1]
  .text              ro code   0x800'144c     0x4  startup_stm32f446xx.o [1]
  .text              ro code   0x800'1450     0x4  startup_stm32f446xx.o [1]
  .text              ro code   0x800'1454     0x4  startup_stm32f446xx.o [1]
  .text              ro code   0x800'1458     0x4  startup_stm32f446xx.o [1]
  .text              ro code   0x800'145c     0x4  startup_stm32f446xx.o [1]
  .text              ro code   0x800'1460     0x4  startup_stm32f446xx.o [1]
  .text              ro code   0x800'1464     0x4  startup_stm32f446xx.o [1]
  .text              ro code   0x800'1468     0x4  startup_stm32f446xx.o [1]
  .text              ro code   0x800'146c     0x4  startup_stm32f446xx.o [1]
  .text              ro code   0x800'1470     0x4  startup_stm32f446xx.o [1]
  .text              ro code   0x800'1474     0x4  startup_stm32f446xx.o [1]
  .text              ro code   0x800'1478     0x4  startup_stm32f446xx.o [1]
  .text              ro code   0x800'147c     0x4  startup_stm32f446xx.o [1]
  .text              ro code   0x800'1480     0x4  startup_stm32f446xx.o [1]
  .text              ro code   0x800'1484     0x4  startup_stm32f446xx.o [1]
  .text              ro code   0x800'1488     0x4  startup_stm32f446xx.o [1]
  .text              ro code   0x800'148c     0x4  startup_stm32f446xx.o [1]
  .text              ro code   0x800'1490     0x4  startup_stm32f446xx.o [1]
  .text              ro code   0x800'1494     0x4  startup_stm32f446xx.o [1]
  .text              ro code   0x800'1498     0x4  startup_stm32f446xx.o [1]
  .text              ro code   0x800'149c     0x4  startup_stm32f446xx.o [1]
  .text              ro code   0x800'14a0     0x4  startup_stm32f446xx.o [1]
  .text              ro code   0x800'14a4     0x4  startup_stm32f446xx.o [1]
  .text              ro code   0x800'14a8     0x4  startup_stm32f446xx.o [1]
  .text              ro code   0x800'14ac     0x4  startup_stm32f446xx.o [1]
  .text              ro code   0x800'14b0     0x4  startup_stm32f446xx.o [1]
  .text              ro code   0x800'14b4     0x4  startup_stm32f446xx.o [1]
  .text              ro code   0x800'14b8     0x4  startup_stm32f446xx.o [1]
  .text              ro code   0x800'14bc     0x4  startup_stm32f446xx.o [1]
  .text              ro code   0x800'14c0     0x4  startup_stm32f446xx.o [1]
  .text              ro code   0x800'14c4     0x4  startup_stm32f446xx.o [1]
  .text              ro code   0x800'14c8     0x4  startup_stm32f446xx.o [1]
  .text              ro code   0x800'14cc     0x4  startup_stm32f446xx.o [1]
  .text              ro code   0x800'14d0     0x4  startup_stm32f446xx.o [1]
  .text              ro code   0x800'14d4     0x4  startup_stm32f446xx.o [1]
  .text              ro code   0x800'14d8     0x4  startup_stm32f446xx.o [1]
  .text              ro code   0x800'14dc     0x4  startup_stm32f446xx.o [1]
  .text              ro code   0x800'14e0     0x4  startup_stm32f446xx.o [1]
  .text              ro code   0x800'14e4     0x4  startup_stm32f446xx.o [1]
  .text              ro code   0x800'14e8     0x4  startup_stm32f446xx.o [1]
  .text              ro code   0x800'14ec     0x4  startup_stm32f446xx.o [1]
  .text              ro code   0x800'14f0     0x4  startup_stm32f446xx.o [1]
  .text              ro code   0x800'14f4     0x4  startup_stm32f446xx.o [1]
  .text              ro code   0x800'14f8     0x4  startup_stm32f446xx.o [1]
  .text              ro code   0x800'14fc     0x4  startup_stm32f446xx.o [1]
  .text              ro code   0x800'1500     0x4  startup_stm32f446xx.o [1]
  .text              ro code   0x800'1504     0x4  startup_stm32f446xx.o [1]
  .text              ro code   0x800'1508     0x4  startup_stm32f446xx.o [1]
  .text              ro code   0x800'150c     0x4  startup_stm32f446xx.o [1]
  .text              ro code   0x800'1510     0x4  startup_stm32f446xx.o [1]
  .text              ro code   0x800'1514     0x4  startup_stm32f446xx.o [1]
  .text              ro code   0x800'1518     0x4  startup_stm32f446xx.o [1]
  .text              ro code   0x800'151c     0x4  startup_stm32f446xx.o [1]
  .text              ro code   0x800'1520     0x4  startup_stm32f446xx.o [1]
  .text              ro code   0x800'1524     0x4  startup_stm32f446xx.o [1]
  .text              ro code   0x800'1528     0x4  startup_stm32f446xx.o [1]
  .text              ro code   0x800'152c     0x4  startup_stm32f446xx.o [1]
  .text              ro code   0x800'1530     0x4  startup_stm32f446xx.o [1]
  .text              ro code   0x800'1534     0x4  startup_stm32f446xx.o [1]
  .text              ro code   0x800'1538     0x4  startup_stm32f446xx.o [1]
  .text              ro code   0x800'153c     0x4  startup_stm32f446xx.o [1]
  .text              ro code   0x800'1540     0x4  startup_stm32f446xx.o [1]
  .text              ro code   0x800'1544     0x4  startup_stm32f446xx.o [1]
  .text              ro code   0x800'1548     0x4  startup_stm32f446xx.o [1]
  .text              ro code   0x800'154c     0x4  startup_stm32f446xx.o [1]
  .text              ro code   0x800'1550     0x4  startup_stm32f446xx.o [1]
  .text              ro code   0x800'1554     0x4  startup_stm32f446xx.o [1]
  .text              ro code   0x800'1558     0x4  startup_stm32f446xx.o [1]
  .text              ro code   0x800'155c     0x4  startup_stm32f446xx.o [1]
  .text              ro code   0x800'1560     0x4  startup_stm32f446xx.o [1]
  .rodata            const     0x800'1564     0x0  zero_init3.o [4]
  .rodata            const     0x800'1564     0x0  copy_init3.o [4]
                             - 0x800'1564  0x13a0

"P2", part 1 of 3:                           0x18
  P2-1                        0x2000'0000    0x18  <Init block>
    .data            inited   0x2000'0000     0x8  myfunc.o [1]
    .data            inited   0x2000'0008     0xc  stm32f4xx_hal.o [1]
    .data            inited   0x2000'0014     0x4  system_stm32f4xx.o [1]
                            - 0x2000'0018    0x18

"P2", part 2 of 3:                           0x70
  .bss               zero     0x2000'0018    0x40  main.o [1]
  .bss               zero     0x2000'0058    0x20  stm32f4xx_hal_flash.o [1]
  .bss               zero     0x2000'0078    0x10  myfunc.o [1]
                            - 0x2000'0088    0x70

"P2", part 3 of 3:                          0x400
  CSTACK                      0x2000'0088   0x400  <Block>
    CSTACK           uninit   0x2000'0088   0x400  <Block tail>
                            - 0x2000'0488   0x400

Unused ranges:

         From           To      Size
         ----           --      ----
   0x800'1564   0x807'ffff  0x7'ea9c
  0x2000'0488  0x2001'ffff  0x1'fb78


*******************************************************************************
*** INIT TABLE
***

          Address      Size
          -------      ----
Zero (__iar_zero_init3)
    1 destination range, total size 0x70:
          0x2000'0018  0x70

Copy (__iar_copy_init3)
    1 source range, total size 0x18:
           0x800'13ac  0x18
    1 destination range, total size 0x18:
          0x2000'0000  0x18



*******************************************************************************
*** MODULE SUMMARY
***

    Module                    ro code  ro data  rw data
    ------                    -------  -------  -------
command line/config:
    ---------------------------------------------------
    Total:

C:\Users\KOKUBO\Desktop\Flash_Test\EWARM\Flash_Test\Obj: [1]
    main.o                        384                64
    myfunc.o                      120        8       24
    startup_stm32f446xx.o         812
    stm32f4xx_hal.o               144       12       12
    stm32f4xx_hal_cortex.o        172
    stm32f4xx_hal_flash.o         500                32
    stm32f4xx_hal_flash_ex.o      348
    stm32f4xx_hal_gpio.o          472
    stm32f4xx_hal_msp.o           172
    stm32f4xx_hal_rcc.o           332
    stm32f4xx_hal_rcc_ex.o        952
    stm32f4xx_hal_uart.o          348
    stm32f4xx_it.o                 20
    system_stm32f4xx.o             44       12        4
    ---------------------------------------------------
    Total:                      4 820       32      136

dl7M_tln.a: [2]
    exit.o                          4
    low_level_init.o                4
    ---------------------------------------------------
    Total:                          8

m7M_tls.a: [3]
    fpinit_M.o                     34
    ---------------------------------------------------
    Total:                         34

rt7M_tl.a: [4]
    ABImemclr4.o                    6
    ABImemset48.o                  50
    I64DivMod_small.o             262
    I64DivZer.o                     2
    cexit.o                        10
    cmain.o                        30
    copy_init3.o                   44
    cstartup_M.o                   12
    data_init.o                    40
    zero_init3.o                   58
    ---------------------------------------------------
    Total:                        514

shb_l.a: [5]
    exit.o                         20
    ---------------------------------------------------
    Total:                         20

    Gaps                           10        2
    Linker created                          36    1 024
-------------------------------------------------------
    Grand Total:                5 406       70    1 160


*******************************************************************************
*** ENTRY LIST
***

Entry                       Address   Size  Type      Object
-----                       -------   ----  ----      ------
.iar.init_table$$Base    0x800'1340          --   Gb  - Linker created -
.iar.init_table$$Limit   0x800'1364          --   Gb  - Linker created -
?main                    0x800'1365         Code  Gb  cmain.o [4]
AHBPrescTable            0x800'12b8   0x10  Data  Gb  system_stm32f4xx.o [1]
APBPrescTable            0x800'1404    0x8  Data  Gb  system_stm32f4xx.o [1]
BusFault_Handler         0x800'13cb    0x2  Code  Gb  stm32f4xx_it.o [1]
CSTACK$$Base            0x2000'0088          --   Gb  - Linker created -
CSTACK$$Limit           0x2000'0488          --   Gb  - Linker created -
DebugMon_Handler         0x800'13d1    0x2  Code  Gb  stm32f4xx_it.o [1]
FLASH_Erase_Sector       0x800'11f3   0x4c  Code  Gb  stm32f4xx_hal_flash_ex.o [1]
FLASH_FlushCaches        0x800'123f   0x50  Code  Gb  stm32f4xx_hal_flash_ex.o [1]
FLASH_MassErase          0x800'11d3   0x20  Code  Lc  stm32f4xx_hal_flash_ex.o [1]
FLASH_Program_Byte       0x800'081d   0x14  Code  Lc  stm32f4xx_hal_flash.o [1]
FLASH_Program_DoubleWord
                         0x800'07b7   0x28  Code  Lc  stm32f4xx_hal_flash.o [1]
FLASH_Program_HalfWord   0x800'07f1   0x12  Code  Lc  stm32f4xx_hal_flash.o [1]
FLASH_Program_Word       0x800'07df   0x12  Code  Lc  stm32f4xx_hal_flash.o [1]
FLASH_SetErrorCode       0x800'0831   0x74  Code  Lc  stm32f4xx_hal_flash.o [1]
FLASH_WaitForLastOperation
                         0x800'076b   0x4c  Code  Gb  stm32f4xx_hal_flash.o [1]
Flash_Readbuf           0x2000'0078   0x10  Data  Gb  myfunc.o [1]
Flash_Writebuf          0x2000'0004    0x4  Data  Gb  myfunc.o [1]
Flash_clear              0x800'0db1   0x38  Code  Gb  myfunc.o [1]
Flash_load               0x800'0de9   0x10  Code  Gb  myfunc.o [1]
Flash_write              0x800'0df9   0x24  Code  Gb  myfunc.o [1]
HAL_FLASHEx_Erase        0x800'1141   0x92  Code  Gb  stm32f4xx_hal_flash_ex.o [1]
HAL_FLASH_Lock           0x800'075b    0xa  Code  Gb  stm32f4xx_hal_flash.o [1]
HAL_FLASH_Program        0x800'06cd   0x6e  Code  Gb  stm32f4xx_hal_flash.o [1]
HAL_FLASH_Unlock         0x800'073b   0x20  Code  Gb  stm32f4xx_hal_flash.o [1]
HAL_GPIO_Init            0x800'08c1  0x1a8  Code  Gb  stm32f4xx_hal_gpio.o [1]
HAL_GPIO_WritePin        0x800'0a69    0x8  Code  Gb  stm32f4xx_hal_gpio.o [1]
HAL_GetTick              0x800'057d    0xc  Code  Wk  stm32f4xx_hal.o [1]
HAL_IncTick              0x800'13d9   0x10  Code  Wk  stm32f4xx_hal.o [1]
HAL_Init                 0x800'0c19   0x30  Code  Gb  stm32f4xx_hal.o [1]
HAL_InitTick             0x800'1021   0x40  Code  Wk  stm32f4xx_hal.o [1]
HAL_MspInit              0x800'1061   0x38  Code  Gb  stm32f4xx_hal_msp.o [1]
HAL_NVIC_SetPriority     0x800'0fa9   0x3a  Code  Gb  stm32f4xx_hal_cortex.o [1]
HAL_NVIC_SetPriorityGrouping
                         0x800'0f8f   0x1a  Code  Gb  stm32f4xx_hal_cortex.o [1]
HAL_RCC_ClockConfig      0x800'0e29  0x100  Code  Gb  stm32f4xx_hal_rcc.o [1]
HAL_RCC_GetPCLK1Freq     0x800'0f35   0x10  Code  Gb  stm32f4xx_hal_rcc.o [1]
HAL_RCC_GetPCLK2Freq     0x800'0f45    0xe  Code  Gb  stm32f4xx_hal_rcc.o [1]
HAL_RCC_GetSysClockFreq
                         0x800'01cd   0x7a  Code  Gb  stm32f4xx_hal_rcc_ex.o [1]
HAL_RCC_OscConfig        0x800'0257  0x2f6  Code  Gb  stm32f4xx_hal_rcc_ex.o [1]
HAL_SYSTICK_Config       0x800'0fe3   0x28  Code  Gb  stm32f4xx_hal_cortex.o [1]
HAL_UART_Init            0x800'0c55   0x1e  Code  Gb  stm32f4xx_hal_uart.o [1]
HAL_UART_MspInit         0x800'1099   0x64  Code  Gb  stm32f4xx_hal_msp.o [1]
HardFault_Handler        0x800'13c7    0x2  Code  Gb  stm32f4xx_it.o [1]
MemManage_Handler        0x800'13c9    0x2  Code  Gb  stm32f4xx_it.o [1]
NMI_Handler              0x800'13c5    0x2  Code  Gb  stm32f4xx_it.o [1]
PendSV_Handler           0x800'13d3    0x2  Code  Gb  stm32f4xx_it.o [1]
Region$$Table$$Base      0x800'1340          --   Gb  - Linker created -
Region$$Table$$Limit     0x800'1364          --   Gb  - Linker created -
SVC_Handler              0x800'13cf    0x2  Code  Gb  stm32f4xx_it.o [1]
SysTick_Handler          0x800'13d5    0x4  Code  Gb  stm32f4xx_it.o [1]
SystemClock_Config       0x800'0b63   0x94  Code  Gb  main.o [1]
SystemCoreClock         0x2000'0014    0x4  Data  Gb  system_stm32f4xx.o [1]
SystemInit               0x800'129d   0x14  Code  Gb  system_stm32f4xx.o [1]
UART_SetConfig           0x800'0ccb   0xca  Code  Lc  stm32f4xx_hal_uart.o [1]
UsageFault_Handler       0x800'13cd    0x2  Code  Gb  stm32f4xx_it.o [1]
__NVIC_SetPriority       0x800'0f75   0x1a  Code  Lc  stm32f4xx_hal_cortex.o [1]
__aeabi_ldiv0            0x800'06c9         Code  Gb  I64DivZer.o [4]
__aeabi_memclr4          0x800'0c4d         Code  Gb  ABImemclr4.o [4]
__cmain                  0x800'1365         Code  Gb  cmain.o [4]
__exit                   0x800'1399   0x14  Code  Gb  exit.o [5]
__iar_Memset4_word       0x800'110d         Code  Gb  ABImemset48.o [4]
__iar_Memset8_word       0x800'110d         Code  Gb  ABImemset48.o [4]
__iar_copy_init3         0x800'12c9   0x2c  Code  Gb  copy_init3.o [4]
__iar_data_init3         0x800'12f5   0x28  Code  Gb  data_init.o [4]
__iar_init_vfp           0x800'131d         Code  Gb  fpinit_M.o [3]
__iar_program_start      0x800'13f9         Code  Gb  cstartup_M.o [4]
__iar_small_uldivmod     0x800'0589         Code  Gb  I64DivMod_small.o [4]
__iar_zero_init3         0x800'068f   0x3a  Code  Gb  zero_init3.o [4]
__low_level_init         0x800'1383    0x4  Code  Gb  low_level_init.o [2]
__vector_table           0x800'0000         Data  Gb  startup_stm32f446xx.o [1]
_call_main               0x800'1371         Code  Gb  cmain.o [4]
_exit                    0x800'138d         Code  Gb  cexit.o [4]
_main                    0x800'137f         Code  Gb  cmain.o [4]
exit                     0x800'1387    0x4  Code  Gb  exit.o [2]
huart2                  0x2000'0018   0x40  Data  Gb  main.o [1]
main                     0x800'0a99   0xca  Code  Gb  main.o [1]
pFlash                  0x2000'0058   0x20  Data  Gb  stm32f4xx_hal_flash.o [1]
test                    0x2000'0000    0x1  Data  Gb  myfunc.o [1]
uwTick                  0x2000'000c    0x4  Data  Gb  stm32f4xx_hal.o [1]
uwTickFreq              0x2000'0008    0x1  Data  Gb  stm32f4xx_hal.o [1]
uwTickPrio              0x2000'0010    0x4  Data  Gb  stm32f4xx_hal.o [1]


[1] = C:\Users\KOKUBO\Desktop\Flash_Test\EWARM\Flash_Test\Obj
[2] = dl7M_tln.a
[3] = m7M_tls.a
[4] = rt7M_tl.a
[5] = shb_l.a

  5 406 bytes of readonly  code memory
     70 bytes of readonly  data memory
  1 160 bytes of readwrite data memory

Errors: none
Warnings: none
